// Jest Snapshot v1, https://goo.gl/fbAQLP

exports[`Details Page should be able to datails in 1`] = `
<DocumentFragment>
  <div
    class="sc-AxjAm StDqN"
  >
    <div
      class="sc-AxheI nqLDC"
    >
      <img
        alt="Pokébola"
        src="pokebola.svg"
      />
      <h1>
        POKÉMON CHALLENGE
      </h1>
    </div>
    <div
      class="sc-AxirZ kowbRK"
    >
      <div
        class="sc-AxhUy jlfIlr"
      >
        <svg
          fill="none"
          height="1em"
          stroke="currentColor"
          stroke-linecap="round"
          stroke-linejoin="round"
          stroke-width="2"
          viewBox="0 0 24 24"
          width="1em"
          xmlns="http://www.w3.org/2000/svg"
        >
          <line
            x1="19"
            x2="5"
            y1="12"
            y2="12"
          />
          <polyline
            points="12 19 5 12 12 5"
          />
        </svg>
        <span>
          Back
        </span>
      </div>
    </div>
    <div
      class="sc-AxiKw kMnbKe"
    >
      <h2>
        Family Tree
      </h2>
      <div
        class="sc-AxhCb knfRmQ"
      />
      <div
        class="sc-AxgMl eqmcpW"
      />
    </div>
  </div>
</DocumentFragment>
`;
